src/app/register/register-form.tsx(60,44): error TS2339: Property 'nit' does not exist on type '{ name?: string[] | undefined; email?: string[] | undefined; password?: string[] | undefined; role?: string[] | undefined; } | { nit?: string[] | undefined; companyName?: string[] | undefined; industry?: string[] | undefined; department?: string[] | undefined; }'.
  Property 'nit' does not exist on type '{ name?: string[] | undefined; email?: string[] | undefined; password?: string[] | undefined; role?: string[] | undefined; }'.
src/app/register/register-form.tsx(61,88): error TS2339: Property 'nit' does not exist on type '{ name?: string[] | undefined; email?: string[] | undefined; password?: string[] | undefined; role?: string[] | undefined; } | { nit?: string[] | undefined; companyName?: string[] | undefined; industry?: string[] | undefined; department?: string[] | undefined; }'.
  Property 'nit' does not exist on type '{ name?: string[] | undefined; email?: string[] | undefined; password?: string[] | undefined; role?: string[] | undefined; }'.
src/app/register/register-form.tsx(80,44): error TS2339: Property 'companyName' does not exist on type '{ name?: string[] | undefined; email?: string[] | undefined; password?: string[] | undefined; role?: string[] | undefined; } | { nit?: string[] | undefined; companyName?: string[] | undefined; industry?: string[] | undefined; department?: string[] | undefined; }'.
  Property 'companyName' does not exist on type '{ name?: string[] | undefined; email?: string[] | undefined; password?: string[] | undefined; role?: string[] | undefined; }'.
src/app/register/register-form.tsx(81,88): error TS2339: Property 'companyName' does not exist on type '{ name?: string[] | undefined; email?: string[] | undefined; password?: string[] | undefined; role?: string[] | undefined; } | { nit?: string[] | undefined; companyName?: string[] | undefined; industry?: string[] | undefined; department?: string[] | undefined; }'.
  Property 'companyName' does not exist on type '{ name?: string[] | undefined; email?: string[] | undefined; password?: string[] | undefined; role?: string[] | undefined; }'.
src/app/register/register-form.tsx(110,44): error TS2339: Property 'industry' does not exist on type '{ name?: string[] | undefined; email?: string[] | undefined; password?: string[] | undefined; role?: string[] | undefined; } | { nit?: string[] | undefined; companyName?: string[] | undefined; industry?: string[] | undefined; department?: string[] | undefined; }'.
  Property 'industry' does not exist on type '{ name?: string[] | undefined; email?: string[] | undefined; password?: string[] | undefined; role?: string[] | undefined; }'.
src/app/register/register-form.tsx(111,88): error TS2339: Property 'industry' does not exist on type '{ name?: string[] | undefined; email?: string[] | undefined; password?: string[] | undefined; role?: string[] | undefined; } | { nit?: string[] | undefined; companyName?: string[] | undefined; industry?: string[] | undefined; department?: string[] | undefined; }'.
  Property 'industry' does not exist on type '{ name?: string[] | undefined; email?: string[] | undefined; password?: string[] | undefined; role?: string[] | undefined; }'.
src/app/register/register-form.tsx(152,44): error TS2339: Property 'department' does not exist on type '{ name?: string[] | undefined; email?: string[] | undefined; password?: string[] | undefined; role?: string[] | undefined; } | { nit?: string[] | undefined; companyName?: string[] | undefined; industry?: string[] | undefined; department?: string[] | undefined; }'.
  Property 'department' does not exist on type '{ name?: string[] | undefined; email?: string[] | undefined; password?: string[] | undefined; role?: string[] | undefined; }'.
src/app/register/register-form.tsx(153,88): error TS2339: Property 'department' does not exist on type '{ name?: string[] | undefined; email?: string[] | undefined; password?: string[] | undefined; role?: string[] | undefined; } | { nit?: string[] | undefined; companyName?: string[] | undefined; industry?: string[] | undefined; department?: string[] | undefined; }'.
  Property 'department' does not exist on type '{ name?: string[] | undefined; email?: string[] | undefined; password?: string[] | undefined; role?: string[] | undefined; }'.
src/app/register/register-form.tsx(186,36): error TS2339: Property 'name' does not exist on type '{ name?: string[] | undefined; email?: string[] | undefined; password?: string[] | undefined; role?: string[] | undefined; } | { nit?: string[] | undefined; companyName?: string[] | undefined; industry?: string[] | undefined; department?: string[] | undefined; }'.
  Property 'name' does not exist on type '{ nit?: string[] | undefined; companyName?: string[] | undefined; industry?: string[] | undefined; department?: string[] | undefined; }'.
src/app/register/register-form.tsx(188,43): error TS2339: Property 'name' does not exist on type '{ name?: string[] | undefined; email?: string[] | undefined; password?: string[] | undefined; role?: string[] | undefined; } | { nit?: string[] | undefined; companyName?: string[] | undefined; industry?: string[] | undefined; department?: string[] | undefined; }'.
  Property 'name' does not exist on type '{ nit?: string[] | undefined; companyName?: string[] | undefined; industry?: string[] | undefined; department?: string[] | undefined; }'.
src/app/register/register-form.tsx(214,36): error TS2339: Property 'email' does not exist on type '{ name?: string[] | undefined; email?: string[] | undefined; password?: string[] | undefined; role?: string[] | undefined; } | { nit?: string[] | undefined; companyName?: string[] | undefined; industry?: string[] | undefined; department?: string[] | undefined; }'.
  Property 'email' does not exist on type '{ nit?: string[] | undefined; companyName?: string[] | undefined; industry?: string[] | undefined; department?: string[] | undefined; }'.
src/app/register/register-form.tsx(216,43): error TS2339: Property 'email' does not exist on type '{ name?: string[] | undefined; email?: string[] | undefined; password?: string[] | undefined; role?: string[] | undefined; } | { nit?: string[] | undefined; companyName?: string[] | undefined; industry?: string[] | undefined; department?: string[] | undefined; }'.
  Property 'email' does not exist on type '{ nit?: string[] | undefined; companyName?: string[] | undefined; industry?: string[] | undefined; department?: string[] | undefined; }'.
src/app/register/register-form.tsx(239,36): error TS2339: Property 'password' does not exist on type '{ name?: string[] | undefined; email?: string[] | undefined; password?: string[] | undefined; role?: string[] | undefined; } | { nit?: string[] | undefined; companyName?: string[] | undefined; industry?: string[] | undefined; department?: string[] | undefined; }'.
  Property 'password' does not exist on type '{ nit?: string[] | undefined; companyName?: string[] | undefined; industry?: string[] | undefined; department?: string[] | undefined; }'.
src/app/register/register-form.tsx(241,43): error TS2339: Property 'password' does not exist on type '{ name?: string[] | undefined; email?: string[] | undefined; password?: string[] | undefined; role?: string[] | undefined; } | { nit?: string[] | undefined; companyName?: string[] | undefined; industry?: string[] | undefined; department?: string[] | undefined; }'.
  Property 'password' does not exist on type '{ nit?: string[] | undefined; companyName?: string[] | undefined; industry?: string[] | undefined; department?: string[] | undefined; }'.
